00:00 +0: loading C:/Users/jakej/Documents/GitHub/Subaru.specs.n.parts/test/data/db/dao/specs_dao_test.dart
00:00 +0: C:/Users/jakej/Documents/GitHub/Subaru.specs.n.parts/test/data/db/dao/specs_dao_test.dart: getSpecsForVehicle works with non-nullable model
00:00 +1: C:/Users/jakej/Documents/GitHub/Subaru.specs.n.parts/test/data/db/dao/vehicles_dao_test.dart: VehiclesDao getDistinctYears returns years sorted descending
00:00 +2: C:/Users/jakej/Documents/GitHub/Subaru.specs.n.parts/test/data/db/dao/vehicles_dao_test.dart: VehiclesDao getDistinctModelsByYear returns distinct models sorted alphabetically
00:00 +3: C:/Users/jakej/Documents/GitHub/Subaru.specs.n.parts/test/data/seed/brz_2024_coverage_test.dart: 2024 BRZ coverage is complete and correct
00:01 +4: C:/Users/jakej/Documents/GitHub/Subaru.specs.n.parts/test/data/seed/brz_full_history_test.dart: BRZ History Coverage (setUpAll)
00:01 +4: C:/Users/jakej/Documents/GitHub/Subaru.specs.n.parts/test/data/seed/brz_full_history_test.dart: BRZ History Coverage No 2012 BRZ models exist for USDM
00:01 +5: C:/Users/jakej/Documents/GitHub/Subaru.specs.n.parts/test/data/seed/brz_full_history_test.dart: BRZ History Coverage No 2021 BRZ models exist for USDM (Production Gap)
00:01 +6: C:/Users/jakej/Documents/GitHub/Subaru.specs.n.parts/test/data/seed/brz_full_history_test.dart: BRZ History Coverage Gen 1 (2013-2020) uses FA20 NA engine
00:01 +7: C:/Users/jakej/Documents/GitHub/Subaru.specs.n.parts/test/data/seed/brz_full_history_test.dart: BRZ History Coverage Gen 2 (2022-Present) uses FA24 engine
00:01 +8: C:/Users/jakej/Documents/GitHub/Subaru.specs.n.parts/test/data/seed/brz_full_history_test.dart: BRZ History Coverage (tearDownAll)
00:01 +8: C:/Users/jakej/Documents/GitHub/Subaru.specs.n.parts/test/data/seed/forester_classic_validation_test.dart: Forester Gen 1 & 2 Validation (1998-2008) (setUpAll)
00:01 +8: C:/Users/jakej/Documents/GitHub/Subaru.specs.n.parts/test/data/seed/forester_classic_validation_test.dart: Forester Gen 1 & 2 Validation (1998-2008) 1998 Forester (Gen 1 Launch) exists
00:01 +9: C:/Users/jakej/Documents/GitHub/Subaru.specs.n.parts/test/data/seed/forester_classic_validation_test.dart: Forester Gen 1 & 2 Validation (1998-2008) Forester XT Turbo Introduction (2004)
00:01 +10: C:/Users/jakej/Documents/GitHub/Subaru.specs.n.parts/test/data/seed/forester_classic_validation_test.dart: Forester Gen 1 & 2 Validation (1998-2008) Sports 2.5 XT exists (2007-2008)
00:01 +11: C:/Users/jakej/Documents/GitHub/Subaru.specs.n.parts/test/data/seed/forester_classic_validation_test.dart: Forester Gen 1 & 2 Validation (1998-2008) (tearDownAll)
00:02 +11: C:/Users/jakej/Documents/GitHub/Subaru.specs.n.parts/test/data/seed/forester_gen5_validation_test.dart: Forester Gen 5 Validation (2019-2024) (setUpAll)
00:02 +11: C:/Users/jakej/Documents/GitHub/Subaru.specs.n.parts/test/data/seed/forester_gen5_validation_test.dart: Forester Gen 5 Validation (2019-2024) All Gen 5 Foresters should be non-turbo (FB25)
00:02 +12: C:/Users/jakej/Documents/GitHub/Subaru.specs.n.parts/test/data/seed/forester_gen5_validation_test.dart: Forester Gen 5 Validation (2019-2024) Wilderness Trim Introduction (2022)
00:02 +13: C:/Users/jakej/Documents/GitHub/Subaru.specs.n.parts/test/data/seed/forester_gen5_validation_test.dart: Forester Gen 5 Validation (2019-2024) Sport trim should be NA (FB25)
00:02 +14: C:/Users/jakej/Documents/GitHub/Subaru.specs.n.parts/test/data/seed/forester_gen5_validation_test.dart: Forester Gen 5 Validation (2019-2024) (tearDownAll)
00:02 +14: C:/Users/jakej/Documents/GitHub/Subaru.specs.n.parts/test/data/seed/forester_modern_validation_test.dart: Forester Gen 3 & 4 Validation (2009-2018) (setUpAll)
00:02 +14: C:/Users/jakej/Documents/GitHub/Subaru.specs.n.parts/test/data/seed/forester_modern_validation_test.dart: Forester Gen 3 & 4 Validation (2009-2018) Forester XT Engine Transition (EJ255 -> FA20DIT)
00:02 +15: C:/Users/jakej/Documents/GitHub/Subaru.specs.n.parts/test/data/seed/forester_modern_validation_test.dart: Forester Gen 3 & 4 Validation (2009-2018) NA Engine Transition (EJ253 -> FB25)
00:02 +16: C:/Users/jakej/Documents/GitHub/Subaru.specs.n.parts/test/data/seed/forester_modern_validation_test.dart: Forester Gen 3 & 4 Validation (2009-2018) 2018 Black Edition exists
00:02 +17: C:/Users/jakej/Documents/GitHub/Subaru.specs.n.parts/test/data/seed/forester_modern_validation_test.dart: Forester Gen 3 & 4 Validation (2009-2018) (tearDownAll)
00:03 +17: C:/Users/jakej/Documents/GitHub/Subaru.specs.n.parts/test/data/seed/impreza_gen1_validation_test.dart: Impreza Gen 1 Validation (setUpAll)
00:03 +17: C:/Users/jakej/Documents/GitHub/Subaru.specs.n.parts/test/data/seed/impreza_gen1_validation_test.dart: Impreza Gen 1 Validation 1993 Impreza (Gen 1 Start) exists
00:03 +18: C:/Users/jakej/Documents/GitHub/Subaru.specs.n.parts/test/data/seed/impreza_gen1_validation_test.dart: Impreza Gen 1 Validation 2.5 RS Evolution (1998-2001)
00:03 +19: C:/Users/jakej/Documents/GitHub/Subaru.specs.n.parts/test/data/seed/impreza_gen1_validation_test.dart: Impreza Gen 1 Validation Outback Sport exists (1995-1996)
00:03 +20: C:/Users/jakej/Documents/GitHub/Subaru.specs.n.parts/test/data/seed/impreza_gen1_validation_test.dart: Impreza Gen 1 Validation (tearDownAll)
00:03 +20: C:/Users/jakej/Documents/GitHub/Subaru.specs.n.parts/test/data/seed/impreza_gen2_validation_test.dart: Impreza Gen 2 Validation (2002-2007) (setUpAll)
00:03 +20: C:/Users/jakej/Documents/GitHub/Subaru.specs.n.parts/test/data/seed/impreza_gen2_validation_test.dart: Impreza Gen 2 Validation (2002-2007) WRX Engine Evolution (2.0L vs 2.5L)
00:03 +21: C:/Users/jakej/Documents/GitHub/Subaru.specs.n.parts/test/data/seed/impreza_gen2_validation_test.dart: Impreza Gen 2 Validation (2002-2007) STI Introduction (2004)
00:03 +22: C:/Users/jakej/Documents/GitHub/Subaru.specs.n.parts/test/data/seed/impreza_gen2_validation_test.dart: Impreza Gen 2 Validation (2002-2007) Base Model Rename (RS vs 2.5i)
00:03 +23: C:/Users/jakej/Documents/GitHub/Subaru.specs.n.parts/test/data/seed/impreza_gen2_validation_test.dart: Impreza Gen 2 Validation (2002-2007) (tearDownAll)
00:03 +23: C:/Users/jakej/Documents/GitHub/Subaru.specs.n.parts/test/data/seed/legacy_validation_test.dart: Legacy Gen 1 Validation (setUpAll)
00:03 +23: C:/Users/jakej/Documents/GitHub/Subaru.specs.n.parts/test/data/seed/legacy_validation_test.dart: Legacy Gen 1 Validation 1990 Legacy items are present
00:03 +24: C:/Users/jakej/Documents/GitHub/Subaru.specs.n.parts/test/data/seed/legacy_validation_test.dart: Legacy Gen 1 Validation EJ22T Turbo models exist (1991-1994)
00:03 +25: C:/Users/jakej/Documents/GitHub/Subaru.specs.n.parts/test/data/seed/legacy_validation_test.dart: Legacy Gen 1 Validation Legacy GT exists for 1994
00:03 +26: C:/Users/jakej/Documents/GitHub/Subaru.specs.n.parts/test/data/seed/legacy_validation_test.dart: Legacy Gen 1 Validation Gen 2 Legacy includes Outback trim (1995-1999)
00:03 +27: C:/Users/jakej/Documents/GitHub/Subaru.specs.n.parts/test/data/seed/legacy_validation_test.dart: Legacy Gen 1 Validation Gen 2 GT uses EJ25D (1996+)
00:03 +28: C:/Users/jakej/Documents/GitHub/Subaru.specs.n.parts/test/data/seed/legacy_validation_test.dart: Legacy Gen 1 Validation 1999 30th Anniversary Editions exist
00:03 +29: C:/Users/jakej/Documents/GitHub/Subaru.specs.n.parts/test/data/seed/legacy_validation_test.dart: Legacy Gen 1 Validation Gen 3 Legacy exists (2000-2004)
00:03 +30: C:/Users/jakej/Documents/GitHub/Subaru.specs.n.parts/test/data/seed/legacy_validation_test.dart: Legacy Gen 1 Validation Gen 4 Legacy Turbo returns (2005+)
00:03 +31: C:/Users/jakej/Documents/GitHub/Subaru.specs.n.parts/test/data/seed/legacy_validation_test.dart: Legacy Gen 1 Validation spec.B exists (2006-2007)
00:03 +32: C:/Users/jakej/Documents/GitHub/Subaru.specs.n.parts/test/data/seed/legacy_validation_test.dart: Legacy Gen 1 Validation H6 3.0R models exist (2008-2009)
00:03 +33: C:/Users/jakej/Documents/GitHub/Subaru.specs.n.parts/test/data/seed/legacy_validation_test.dart: Legacy Gen 1 Validation Gen 5 Legacy GT availability (2010-2012)
00:03 +34: C:/Users/jakej/Documents/GitHub/Subaru.specs.n.parts/test/data/seed/legacy_validation_test.dart: Legacy Gen 1 Validation Gen 5 3.6R H6 upgrade (2010-2014)
00:03 +35: C:/Users/jakej/Documents/GitHub/Subaru.specs.n.parts/test/data/seed/legacy_validation_test.dart: Legacy Gen 1 Validation Gen 6 Legacy 50th Anniversary (2019)
00:03 +36: C:/Users/jakej/Documents/GitHub/Subaru.specs.n.parts/test/data/seed/legacy_validation_test.dart: Legacy Gen 1 Validation Gen 6 Legacy Turbo Absence (2015-2019)
00:03 +37: C:/Users/jakej/Documents/GitHub/Subaru.specs.n.parts/test/data/seed/legacy_validation_test.dart: Legacy Gen 1 Validation Gen 7 Legacy Turbo Returns (2020+)
00:03 +38: C:/Users/jakej/Documents/GitHub/Subaru.specs.n.parts/test/data/seed/legacy_validation_test.dart: Legacy Gen 1 Validation Legacy Sport trim evolution
00:03 +39: C:/Users/jakej/Documents/GitHub/Subaru.specs.n.parts/test/data/seed/legacy_validation_test.dart: Legacy Gen 1 Validation (tearDownAll)
00:04 +39: C:/Users/jakej/Documents/GitHub/Subaru.specs.n.parts/test/data/seed/outback_gen4_validation_test.dart: Outback Gen 4 Validation (2010-2014) (setUpAll)
00:04 +39: C:/Users/jakej/Documents/GitHub/Subaru.specs.n.parts/test/data/seed/outback_gen4_validation_test.dart: Outback Gen 4 Validation (2010-2014) NA Engine Switch (EJ253 -> FB25 in 2013)
00:04 +40: C:/Users/jakej/Documents/GitHub/Subaru.specs.n.parts/test/data/seed/outback_gen4_validation_test.dart: Outback Gen 4 Validation (2010-2014) XT Discontinued, replaced by 3.6R
00:04 +41: C:/Users/jakej/Documents/GitHub/Subaru.specs.n.parts/test/data/seed/outback_gen4_validation_test.dart: Outback Gen 4 Validation (2010-2014) (tearDownAll)
00:04 +41: C:/Users/jakej/Documents/GitHub/Subaru.specs.n.parts/test/data/seed/outback_modern_validation_test.dart: Outback Gen 5 & 6 Validation (2015-2024) (setUpAll)
00:04 +41: C:/Users/jakej/Documents/GitHub/Subaru.specs.n.parts/test/data/seed/outback_modern_validation_test.dart: Outback Gen 5 & 6 Validation (2015-2024) All Gen 5 Outbacks should be Non-Turbo (2015-2019)
00:04 +42: C:/Users/jakej/Documents/GitHub/Subaru.specs.n.parts/test/data/seed/outback_modern_validation_test.dart: Outback Gen 5 & 6 Validation (2015-2024) Turbo (XT) Return in 2020
00:04 +43: C:/Users/jakej/Documents/GitHub/Subaru.specs.n.parts/test/data/seed/outback_modern_validation_test.dart: Outback Gen 5 & 6 Validation (2015-2024) 3.6R Discontinued in 2020
00:04 +44: C:/Users/jakej/Documents/GitHub/Subaru.specs.n.parts/test/data/seed/outback_modern_validation_test.dart: Outback Gen 5 & 6 Validation (2015-2024) Wilderness Trim Existence (2022+)
00:04 +45: C:/Users/jakej/Documents/GitHub/Subaru.specs.n.parts/test/data/seed/outback_modern_validation_test.dart: Outback Gen 5 & 6 Validation (2015-2024) (tearDownAll)
00:05 +45: C:/Users/jakej/Documents/GitHub/Subaru.specs.n.parts/test/data/seed/outback_separation_validation_test.dart: Outback Separation Validation (2000-2009) (setUpAll)
00:05 +45: C:/Users/jakej/Documents/GitHub/Subaru.specs.n.parts/test/data/seed/outback_separation_validation_test.dart: Outback Separation Validation (2000-2009) 1999 and earlier should be Legacy Outback
00:05 +46: C:/Users/jakej/Documents/GitHub/Subaru.specs.n.parts/test/data/seed/outback_separation_validation_test.dart: Outback Separation Validation (2000-2009) 2000+ should be Model: Outback
00:05 +47: C:/Users/jakej/Documents/GitHub/Subaru.specs.n.parts/test/data/seed/outback_separation_validation_test.dart: Outback Separation Validation (2000-2009) Legacy Outback should disappear in 2000 (become standalone)
00:05 +48: C:/Users/jakej/Documents/GitHub/Subaru.specs.n.parts/test/data/seed/outback_separation_validation_test.dart: Outback Separation Validation (2000-2009) H6 Introduction (2001+)
00:05 +49: C:/Users/jakej/Documents/GitHub/Subaru.specs.n.parts/test/data/seed/outback_separation_validation_test.dart: Outback Separation Validation (2000-2009) XT Turbo Introduction (2005+)
00:05 +50: C:/Users/jakej/Documents/GitHub/Subaru.specs.n.parts/test/data/seed/outback_separation_validation_test.dart: Outback Separation Validation (2000-2009) (tearDownAll)
00:05 +50: C:/Users/jakej/Documents/GitHub/Subaru.specs.n.parts/test/data/seed/seed_parsing_test.dart: Seed Parsing parseVehicles parses valid JSON correctly
00:05 +51: C:/Users/jakej/Documents/GitHub/Subaru.specs.n.parts/test/data/seed/seed_parsing_test.dart: Seed Parsing parseSpecs parses valid JSON correctly
00:05 +51 -1: C:/Users/jakej/Documents/GitHub/Subaru.specs.n.parts/test/data/seed/seed_parsing_test.dart: Seed Parsing parseSpecs parses valid JSON correctly [E]
  Expected: 'oil,capacity'
    Actual: 'oil,capacity,2022,2023,2024,2025,2026'
     Which: is different. Both strings start the same, but the actual value also has the following trailing characters: ,2022,2023 ...
  
  package:matcher                                     expect
  package:flutter_test/src/widget_tester.dart 473:18  expect
  test\data\seed\seed_parsing_test.dart 54:7          main.<fn>.<fn>
  
00:05 +51 -1: C:/Users/jakej/Documents/GitHub/Subaru.specs.n.parts/test/data/seed/seed_parsing_test.dart: Seed Parsing parseParts parses valid JSON correctly
00:06 +52 -1: C:/Users/jakej/Documents/GitHub/Subaru.specs.n.parts/test/data/seed/specs_format_audit_test.dart: Spec Auditor: Comprehensive Format Consistency (setUpAll)
00:06 +52 -1: C:/Users/jakej/Documents/GitHub/Subaru.specs.n.parts/test/data/seed/specs_format_audit_test.dart: Spec Auditor: Comprehensive Format Consistency Torque specs: strict "X ft-lbs (Y Nm)" format
00:06 +53 -1: C:/Users/jakej/Documents/GitHub/Subaru.specs.n.parts/test/data/seed/specs_format_audit_test.dart: Spec Auditor: Comprehensive Format Consistency Oil Capacity specs: strict "X Liters (Y Quarts)" format
00:06 +54 -1: C:/Users/jakej/Documents/GitHub/Subaru.specs.n.parts/test/data/seed/specs_format_audit_test.dart: Spec Auditor: Comprehensive Format Consistency Wiper specs: dot-separated sentence format
00:06 +55 -1: C:/Users/jakej/Documents/GitHub/Subaru.specs.n.parts/test/data/seed/specs_format_audit_test.dart: Spec Auditor: Comprehensive Format Consistency Spark Plug specs: Gap must include metric
00:06 +56 -1: C:/Users/jakej/Documents/GitHub/Subaru.specs.n.parts/test/data/seed/specs_format_audit_test.dart: Spec Auditor: Comprehensive Format Consistency Alignment specs: Degrees must use ┬░ symbol
00:06 +57 -1: C:/Users/jakej/Documents/GitHub/Subaru.specs.n.parts/test/data/seed/specs_format_audit_test.dart: Spec Auditor: Comprehensive Format Consistency Bolt Pattern specs: consistent X├ùY format
00:06 +58 -1: C:/Users/jakej/Documents/GitHub/Subaru.specs.n.parts/test/data/seed/specs_format_audit_test.dart: Spec Auditor: Comprehensive Format Consistency No trailing whitespace in spec bodies
00:06 +59 -1: C:/Users/jakej/Documents/GitHub/Subaru.specs.n.parts/test/data/seed/specs_format_audit_test.dart: Spec Auditor: Comprehensive Format Consistency All specs have required fields (id, category, title, body)
00:06 +60 -1: C:/Users/jakej/Documents/GitHub/Subaru.specs.n.parts/test/data/seed/specs_format_audit_test.dart: Spec Auditor: Comprehensive Format Consistency No duplicate spec IDs
00:06 +61 -1: C:/Users/jakej/Documents/GitHub/Subaru.specs.n.parts/test/data/seed/specs_format_audit_test.dart: Spec Auditor: Comprehensive Format Consistency All spec IDs are descriptive (not just sNN)
00:06 +62 -1: C:/Users/jakej/Documents/GitHub/Subaru.specs.n.parts/test/data/seed/specs_format_audit_test.dart: Spec Auditor: Comprehensive Format Consistency Category names use spaces, not underscores
00:06 +63 -1: C:/Users/jakej/Documents/GitHub/Subaru.specs.n.parts/test/data/seed/specs_format_audit_test.dart: Spec Auditor: Comprehensive Format Consistency Tags use comma-only separation (no spaces)
00:06 +64 -1: C:/Users/jakej/Documents/GitHub/Subaru.specs.n.parts/test/data/seed/specs_format_audit_test.dart: Spec Auditor: Comprehensive Format Consistency Dates use ISO 8601 format with Z suffix
00:06 +65 -1: C:/Users/jakej/Documents/GitHub/Subaru.specs.n.parts/test/data/seed/specs_format_audit_test.dart: Spec Auditor: Comprehensive Format Consistency All spec IDs start with s_ prefix
00:06 +66 -1: C:/Users/jakej/Documents/GitHub/Subaru.specs.n.parts/test/data/seed/specs_format_audit_test.dart: Spec Auditor: Comprehensive Format Consistency No double spaces in body text
00:06 +67 -1: C:/Users/jakej/Documents/GitHub/Subaru.specs.n.parts/test/data/seed/specs_format_audit_test.dart: Spec Auditor: Comprehensive Format Consistency All titles start with uppercase letter
00:06 +68 -1: C:/Users/jakej/Documents/GitHub/Subaru.specs.n.parts/test/data/seed/specs_format_audit_test.dart: Spec Auditor: Comprehensive Format Consistency All specs have at least one tag
00:06 +69 -1: C:/Users/jakej/Documents/GitHub/Subaru.specs.n.parts/test/data/seed/specs_format_audit_test.dart: Spec Auditor: Comprehensive Format Consistency (tearDownAll)
00:06 +69 -1: C:/Users/jakej/Documents/GitHub/Subaru.specs.n.parts/test/data/seed/split_era_validation_test.dart: The Great Split (2015-2024) Validation (setUpAll)
00:06 +69 -1: C:/Users/jakej/Documents/GitHub/Subaru.specs.n.parts/test/data/seed/split_era_validation_test.dart: The Great Split (2015-2024) Validation 2015+ Impreza should use FB20
00:06 +70 -1: C:/Users/jakej/Documents/GitHub/Subaru.specs.n.parts/test/data/seed/split_era_validation_test.dart: The Great Split (2015-2024) Validation 2015+ WRX should use FA20 (VA Chassis)
00:06 +71 -1: C:/Users/jakej/Documents/GitHub/Subaru.specs.n.parts/test/data/seed/split_era_validation_test.dart: The Great Split (2015-2024) Validation 2015+ STI should still use EJ257
00:06 +72 -1: C:/Users/jakej/Documents/GitHub/Subaru.specs.n.parts/test/data/seed/split_era_validation_test.dart: The Great Split (2015-2024) Validation 2022+ WRX should use FA24 (VB Chassis)
00:06 +73 -1: C:/Users/jakej/Documents/GitHub/Subaru.specs.n.parts/test/data/seed/split_era_validation_test.dart: The Great Split (2015-2024) Validation 2024 Impreza RS Returns (FB25)
00:06 +74 -1: C:/Users/jakej/Documents/GitHub/Subaru.specs.n.parts/test/data/seed/split_era_validation_test.dart: The Great Split (2015-2024) Validation (tearDownAll)
00:06 +74 -1: C:/Users/jakej/Documents/GitHub/Subaru.specs.n.parts/test/data/seed/vehicles_validation_test.dart: Vehicle Data Validation (setUpAll)
00:06 +74 -1: C:/Users/jakej/Documents/GitHub/Subaru.specs.n.parts/test/data/seed/vehicles_validation_test.dart: Vehicle Data Validation No duplicate IDs found
00:06 +75 -1: C:/Users/jakej/Documents/GitHub/Subaru.specs.n.parts/test/data/seed/vehicles_validation_test.dart: Vehicle Data Validation No duplicate Year/Model/Trim/Engine found
00:06 +76 -1: C:/Users/jakej/Documents/GitHub/Subaru.specs.n.parts/test/data/seed/vehicles_validation_test.dart: Vehicle Data Validation 2008 Impreza Models are present
00:06 +77 -1: C:/Users/jakej/Documents/GitHub/Subaru.specs.n.parts/test/data/seed/vehicles_validation_test.dart: Vehicle Data Validation 2009 Impreza Models are present
00:06 +78 -1: C:/Users/jakej/Documents/GitHub/Subaru.specs.n.parts/test/data/seed/vehicles_validation_test.dart: Vehicle Data Validation 2010 Impreza Models are present
00:06 +79 -1: C:/Users/jakej/Documents/GitHub/Subaru.specs.n.parts/test/data/seed/vehicles_validation_test.dart: Vehicle Data Validation 2011 Impreza Models are present
00:06 +80 -1: C:/Users/jakej/Documents/GitHub/Subaru.specs.n.parts/test/data/seed/vehicles_validation_test.dart: Vehicle Data Validation 2012 Impreza Models are present (Split Year)
00:06 +81 -1: C:/Users/jakej/Documents/GitHub/Subaru.specs.n.parts/test/data/seed/vehicles_validation_test.dart: Vehicle Data Validation 2013 Impreza Models are present (Split Year + Special Editions)
00:06 +82 -1: C:/Users/jakej/Documents/GitHub/Subaru.specs.n.parts/test/data/seed/vehicles_validation_test.dart: Vehicle Data Validation 2014 Impreza Models are present (Last Split Year)
00:06 +83 -1: C:/Users/jakej/Documents/GitHub/Subaru.specs.n.parts/test/data/seed/vehicles_validation_test.dart: Vehicle Data Validation (tearDownAll)
00:07 +83 -1: C:/Users/jakej/Documents/GitHub/Subaru.specs.n.parts/test/data/seed/wrx_2024_coverage_test.dart: Coverage: 2024 WRX Trims (USDM)
00:08 +84 -1: C:/Users/jakej/Documents/GitHub/Subaru.specs.n.parts/test/db_test.dart: Vehicles can be inserted and retrieved
00:08 +85 -1: C:/Users/jakej/Documents/GitHub/Subaru.specs.n.parts/test/db_test.dart: getDistinctYears returns sorted unique years
00:08 +86 -1: C:/Users/jakej/Documents/GitHub/Subaru.specs.n.parts/test/features/browse_ymm/browse_ymm_race_test.dart: YmmFlowPage race condition: models list mismatch
00:10 +87 -1: C:/Users/jakej/Documents/GitHub/Subaru.specs.n.parts/test/features/browse_ymm/ymm_flow_page_semantics_test.dart: YmmFlowPage back buttons have semantic labels
00:10 +88 -1: C:/Users/jakej/Documents/GitHub/Subaru.specs.n.parts/test/features/browse_ymm/ymm_flow_page_test.dart: YmmFlowPage loads years and then models
00:11 +89 -1: C:/Users/jakej/Documents/GitHub/Subaru.specs.n.parts/test/features/home/home_scroll_test.dart: HomePage has SingleChildScrollView when screen is small
00:12 +90 -1: C:/Users/jakej/Documents/GitHub/Subaru.specs.n.parts/test/features/part_lookup/part_lookup_clear_button_test.dart: PartLookupPage clear button functionality
00:12 +91 -1: C:/Users/jakej/Documents/GitHub/Subaru.specs.n.parts/test/features/part_lookup/part_lookup_clear_button_test.dart: PartLookupPage clear button functionality
00:13 +92 -1: C:/Users/jakej/Documents/GitHub/Subaru.specs.n.parts/test/features/part_lookup/part_lookup_debounce_test.dart: PartLookupPage debounces search input
00:13 +93 -1: C:/Users/jakej/Documents/GitHub/Subaru.specs.n.parts/test/features/part_lookup/part_lookup_empty_state_test.dart: PartLookupPage shows empty state initially
00:14 +94 -1: C:/Users/jakej/Documents/GitHub/Subaru.specs.n.parts/test/features/part_lookup/part_lookup_security_test.dart: PartLookupPage limits input length for security
00:14 +95 -1: C:/Users/jakej/Documents/GitHub/Subaru.specs.n.parts/test/features/part_lookup/part_lookup_security_test.dart: PartLookupPage limits input length for security
00:15 +96 -1: C:/Users/jakej/Documents/GitHub/Subaru.specs.n.parts/test/features/specs/specs_coverage_test.dart: Specs Coverage & Parsing SpecsDao finds 2004 WRX spec despite implicit tags
00:15 +97 -1: C:/Users/jakej/Documents/GitHub/Subaru.specs.n.parts/test/features/specs/specs_coverage_test.dart: Specs Coverage & Parsing SpecsDao finds 2018 STI spec (VA generation)
00:15 +98 -1: C:/Users/jakej/Documents/GitHub/Subaru.specs.n.parts/test/features/specs/specs_coverage_test.dart: Specs Coverage & Parsing Asset bundle includes critical seed files
00:15 +99 -1: C:/Users/jakej/Documents/GitHub/Subaru.specs.n.parts/test/features/specs/spec_list_debounce_test.dart: SpecListPage debounces search input
00:17 +100 -1: C:/Users/jakej/Documents/GitHub/Subaru.specs.n.parts/test/features/specs/spec_list_empty_state_test.dart: SpecListPage shows empty state when no specs found
00:18 +101 -1: C:/Users/jakej/Documents/GitHub/Subaru.specs.n.parts/test/features/specs/spec_list_pagination_test.dart: SpecListPage implements pagination
00:18 +102 -1: C:/Users/jakej/Documents/GitHub/Subaru.specs.n.parts/test/features/specs/spec_list_pagination_test.dart: SpecListPage implements pagination
00:18 +103 -1: C:/Users/jakej/Documents/GitHub/Subaru.specs.n.parts/test/features/specs/spec_list_pagination_test.dart: SpecListPage implements pagination
00:18 +104 -1: C:/Users/jakej/Documents/GitHub/Subaru.specs.n.parts/test/features/specs/spec_list_pagination_test.dart: SpecListPage implements pagination
00:19 +105 -1: C:/Users/jakej/Documents/GitHub/Subaru.specs.n.parts/test/features/specs/spec_list_pagination_test.dart: SpecListPage implements pagination
00:19 +106 -1: C:/Users/jakej/Documents/GitHub/Subaru.specs.n.parts/test/features/specs/spec_list_pagination_test.dart: SpecListPage implements search pagination
00:19 +107 -1: C:/Users/jakej/Documents/GitHub/Subaru.specs.n.parts/test/features/specs/spec_list_pagination_test.dart: SpecListPage implements search pagination
00:19 +108 -1: C:/Users/jakej/Documents/GitHub/Subaru.specs.n.parts/test/widgets/home_menu_card_semantics_test.dart: HomeMenuCard has correct semantics
00:20 +109 -1: C:/Users/jakej/Documents/GitHub/Subaru.specs.n.parts/test/widget_test.dart: App smoke test
00:21 +110 -1: Some tests failed.
